{
  "comparisons": [
    {
      "case": "decode_short_c1",
      "concurrency": 1,
      "e2e_p50_delta_percent": -14.454320967838916,
      "fused_e2e_p50_ms": 279.281004,
      "fused_output_tokens_per_second": 114.6060435,
      "fused_tpot_p50_ms": 8.398755,
      "output_tokens_per_second_delta_percent": 16.9931906969246,
      "reference_e2e_p50_ms": 326.47003,
      "reference_output_tokens_per_second": 97.9595845,
      "reference_tpot_p50_ms": 9.751478,
      "tpot_p50_delta_percent": -13.871979201511811,
      "variant": "fixed_8"
    },
    {
      "case": "decode_long_prompt_c1",
      "concurrency": 1,
      "e2e_p50_delta_percent": -42.82396146769662,
      "fused_e2e_p50_ms": 341.479228,
      "fused_output_tokens_per_second": 93.70943114,
      "fused_tpot_p50_ms": 8.53945,
      "output_tokens_per_second_delta_percent": 74.71542117083038,
      "reference_e2e_p50_ms": 597.241846,
      "reference_output_tokens_per_second": 53.63546647,
      "reference_tpot_p50_ms": 13.909721,
      "tpot_p50_delta_percent": -38.608042533707184,
      "variant": "fixed_8"
    },
    {
      "case": "decode_short_c2",
      "concurrency": 2,
      "e2e_p50_delta_percent": -16.378822675479523,
      "fused_e2e_p50_ms": 289.29532,
      "fused_output_tokens_per_second": 220.8047369,
      "fused_tpot_p50_ms": 8.681625,
      "output_tokens_per_second_delta_percent": 19.491731598769967,
      "reference_e2e_p50_ms": 345.959396,
      "reference_output_tokens_per_second": 184.7866241,
      "reference_tpot_p50_ms": 10.207105,
      "tpot_p50_delta_percent": -14.945275864214192,
      "variant": "fixed_8"
    },
    {
      "case": "decode_long_prompt_c2",
      "concurrency": 2,
      "e2e_p50_delta_percent": -52.93880087453584,
      "fused_e2e_p50_ms": 389.095843,
      "fused_output_tokens_per_second": 164.6187154,
      "fused_tpot_p50_ms": 9.534181,
      "output_tokens_per_second_delta_percent": 112.63303372930284,
      "reference_e2e_p50_ms": 826.786929,
      "reference_output_tokens_per_second": 77.4191632,
      "reference_tpot_p50_ms": 17.069487,
      "tpot_p50_delta_percent": -44.14488847848796,
      "variant": "fixed_8"
    },
    {
      "case": "decode_short_c4",
      "concurrency": 4,
      "e2e_p50_delta_percent": -22.448213107203536,
      "fused_e2e_p50_ms": 309.224295,
      "fused_output_tokens_per_second": 413.9311388,
      "fused_tpot_p50_ms": 8.704252,
      "output_tokens_per_second_delta_percent": 29.018387143263723,
      "reference_e2e_p50_ms": 398.73265,
      "reference_output_tokens_per_second": 320.8311218,
      "reference_tpot_p50_ms": 10.981165,
      "tpot_p50_delta_percent": -20.734712573756976,
      "variant": "fixed_8"
    },
    {
      "case": "decode_long_prompt_c4",
      "concurrency": 4,
      "e2e_p50_delta_percent": -56.68202628653831,
      "fused_e2e_p50_ms": 484.253817,
      "fused_output_tokens_per_second": 264.4864124,
      "fused_tpot_p50_ms": 9.621061,
      "output_tokens_per_second_delta_percent": 130.93948790448567,
      "reference_e2e_p50_ms": 1117.905053,
      "reference_output_tokens_per_second": 114.5262834,
      "reference_tpot_p50_ms": 18.381512,
      "tpot_p50_delta_percent": -47.659033707346815,
      "variant": "fixed_8"
    },
    {
      "case": "mixed_c4",
      "concurrency": 4,
      "e2e_p50_delta_percent": -47.337651501868976,
      "fused_e2e_p50_ms": 411.670317,
      "fused_output_tokens_per_second": 272.836942,
      "fused_tpot_p50_ms": 9.962265,
      "output_tokens_per_second_delta_percent": 87.83477023012547,
      "reference_e2e_p50_ms": 781.716594,
      "reference_output_tokens_per_second": 145.2536938,
      "reference_tpot_p50_ms": 17.403872,
      "tpot_p50_delta_percent": -42.758341362198024,
      "variant": "fixed_8"
    },
    {
      "case": "decode_short_c1",
      "concurrency": 1,
      "e2e_p50_delta_percent": -13.440143514836553,
      "fused_e2e_p50_ms": 254.281863,
      "fused_output_tokens_per_second": 125.7546644,
      "fused_tpot_p50_ms": 7.639121,
      "output_tokens_per_second_delta_percent": 15.477850512299964,
      "reference_e2e_p50_ms": 293.764192,
      "reference_output_tokens_per_second": 108.899381,
      "reference_tpot_p50_ms": 8.772275,
      "tpot_p50_delta_percent": -12.917447298448806,
      "variant": "fixed_16"
    },
    {
      "case": "decode_long_prompt_c1",
      "concurrency": 1,
      "e2e_p50_delta_percent": -38.79123960159303,
      "fused_e2e_p50_ms": 329.852228,
      "fused_output_tokens_per_second": 96.99241744,
      "fused_tpot_p50_ms": 8.244218,
      "output_tokens_per_second_delta_percent": 63.33774021853339,
      "reference_e2e_p50_ms": 538.897089,
      "reference_output_tokens_per_second": 59.38151055,
      "reference_tpot_p50_ms": 12.482734,
      "tpot_p50_delta_percent": -33.95502940301379,
      "variant": "fixed_16"
    },
    {
      "case": "decode_short_c2",
      "concurrency": 2,
      "e2e_p50_delta_percent": -14.360396076395702,
      "fused_e2e_p50_ms": 290.200162,
      "fused_output_tokens_per_second": 220.7992255,
      "fused_tpot_p50_ms": 8.722949,
      "output_tokens_per_second_delta_percent": 16.926690367246255,
      "reference_e2e_p50_ms": 338.862102,
      "reference_output_tokens_per_second": 188.835607,
      "reference_tpot_p50_ms": 9.993634,
      "tpot_p50_delta_percent": -12.714944333562746,
      "variant": "fixed_16"
    },
    {
      "case": "decode_long_prompt_c2",
      "concurrency": 2,
      "e2e_p50_delta_percent": -43.640971276392264,
      "fused_e2e_p50_ms": 387.692743,
      "fused_output_tokens_per_second": 163.1232395,
      "fused_tpot_p50_ms": 9.638141,
      "output_tokens_per_second_delta_percent": 75.12582969874634,
      "reference_e2e_p50_ms": 687.898198,
      "reference_output_tokens_per_second": 93.14630502,
      "reference_tpot_p50_ms": 14.281412,
      "tpot_p50_delta_percent": -32.51268852127507,
      "variant": "fixed_16"
    },
    {
      "case": "decode_short_c4",
      "concurrency": 4,
      "e2e_p50_delta_percent": -16.869162105202292,
      "fused_e2e_p50_ms": 325.72696,
      "fused_output_tokens_per_second": 391.7080865,
      "fused_tpot_p50_ms": 9.287134,
      "output_tokens_per_second_delta_percent": 19.83744614555314,
      "reference_e2e_p50_ms": 391.824464,
      "reference_output_tokens_per_second": 326.8661834,
      "reference_tpot_p50_ms": 10.768114,
      "tpot_p50_delta_percent": -13.75338336871248,
      "variant": "fixed_16"
    },
    {
      "case": "decode_long_prompt_c4",
      "concurrency": 4,
      "e2e_p50_delta_percent": -51.775295319753866,
      "fused_e2e_p50_ms": 483.304345,
      "fused_output_tokens_per_second": 265.0013902,
      "fused_tpot_p50_ms": 9.63273,
      "output_tokens_per_second_delta_percent": 107.45716281987482,
      "reference_e2e_p50_ms": 1002.192441,
      "reference_output_tokens_per_second": 127.7378841,
      "reference_tpot_p50_ms": 16.517103,
      "tpot_p50_delta_percent": -41.68026923365436,
      "variant": "fixed_16"
    },
    {
      "case": "mixed_c4",
      "concurrency": 4,
      "e2e_p50_delta_percent": -42.246051313957636,
      "fused_e2e_p50_ms": 412.550615,
      "fused_output_tokens_per_second": 272.2423003,
      "fused_tpot_p50_ms": 9.923806,
      "output_tokens_per_second_delta_percent": 70.83068011717411,
      "reference_e2e_p50_ms": 714.324517,
      "reference_output_tokens_per_second": 159.3638216,
      "reference_tpot_p50_ms": 15.74194,
      "tpot_p50_delta_percent": -36.95944718376516,
      "variant": "fixed_16"
    },
    {
      "case": "decode_short_c1",
      "concurrency": 1,
      "e2e_p50_delta_percent": -16.94786093724954,
      "fused_e2e_p50_ms": 264.848045,
      "fused_output_tokens_per_second": 120.8031797,
      "fused_tpot_p50_ms": 7.964604,
      "output_tokens_per_second_delta_percent": 20.39490276627395,
      "reference_e2e_p50_ms": 318.893707,
      "reference_output_tokens_per_second": 100.3391148,
      "reference_tpot_p50_ms": 9.517784,
      "tpot_p50_delta_percent": -16.318714524305236,
      "variant": "fixed_32"
    },
    {
      "case": "decode_long_prompt_c1",
      "concurrency": 1,
      "e2e_p50_delta_percent": -39.22524621030516,
      "fused_e2e_p50_ms": 339.23587,
      "fused_output_tokens_per_second": 94.36439984,
      "fused_tpot_p50_ms": 8.460473,
      "output_tokens_per_second_delta_percent": 64.61106161233721,
      "reference_e2e_p50_ms": 558.185511,
      "reference_output_tokens_per_second": 57.32567357,
      "reference_tpot_p50_ms": 12.884445,
      "tpot_p50_delta_percent": -34.335759126605765,
      "variant": "fixed_32"
    },
    {
      "case": "decode_short_c2",
      "concurrency": 2,
      "e2e_p50_delta_percent": -18.602802823738926,
      "fused_e2e_p50_ms": 299.300837,
      "fused_output_tokens_per_second": 214.0653812,
      "fused_tpot_p50_ms": 9.001222,
      "output_tokens_per_second_delta_percent": 22.91285820410124,
      "reference_e2e_p50_ms": 367.704107,
      "reference_output_tokens_per_second": 174.1602826,
      "reference_tpot_p50_ms": 10.856538,
      "tpot_p50_delta_percent": -17.089388900955353,
      "variant": "fixed_32"
    },
    {
      "case": "decode_long_prompt_c2",
      "concurrency": 2,
      "e2e_p50_delta_percent": -46.21078155552894,
      "fused_e2e_p50_ms": 381.859297,
      "fused_output_tokens_per_second": 167.6166673,
      "fused_tpot_p50_ms": 9.413453,
      "output_tokens_per_second_delta_percent": 85.99364248395682,
      "reference_e2e_p50_ms": 709.917913,
      "reference_output_tokens_per_second": 90.1195681,
      "reference_tpot_p50_ms": 14.773993,
      "tpot_p50_delta_percent": -36.28362352682853,
      "variant": "fixed_32"
    },
    {
      "case": "decode_short_c4",
      "concurrency": 4,
      "e2e_p50_delta_percent": -25.470504613669327,
      "fused_e2e_p50_ms": 315.699055,
      "fused_output_tokens_per_second": 405.2506294,
      "fused_tpot_p50_ms": 8.898627,
      "output_tokens_per_second_delta_percent": 37.371099571267415,
      "reference_e2e_p50_ms": 423.589417,
      "reference_output_tokens_per_second": 295.0042845,
      "reference_tpot_p50_ms": 12.196697,
      "tpot_p50_delta_percent": -27.040681587810205,
      "variant": "fixed_32"
    },
    {
      "case": "decode_long_prompt_c4",
      "concurrency": 4,
      "e2e_p50_delta_percent": -54.53685196738206,
      "fused_e2e_p50_ms": 471.431667,
      "fused_output_tokens_per_second": 271.5088212,
      "fused_tpot_p50_ms": 9.412811,
      "output_tokens_per_second_delta_percent": 120.60704461324,
      "reference_e2e_p50_ms": 1036.953417,
      "reference_output_tokens_per_second": 123.0735046,
      "reference_tpot_p50_ms": 17.195009,
      "tpot_p50_delta_percent": -45.25847005953879,
      "variant": "fixed_32"
    },
    {
      "case": "mixed_c4",
      "concurrency": 4,
      "e2e_p50_delta_percent": -45.56783340659853,
      "fused_e2e_p50_ms": 405.43614,
      "fused_output_tokens_per_second": 276.8462874,
      "fused_tpot_p50_ms": 9.793377,
      "output_tokens_per_second_delta_percent": 80.94602906199127,
      "reference_e2e_p50_ms": 744.846596,
      "reference_output_tokens_per_second": 152.9993716,
      "reference_tpot_p50_ms": 16.302074,
      "tpot_p50_delta_percent": -39.925576340777255,
      "variant": "fixed_32"
    },
    {
      "case": "decode_short_c1",
      "concurrency": 1,
      "e2e_p50_delta_percent": -8.026233888650411,
      "fused_e2e_p50_ms": 266.801623,
      "fused_output_tokens_per_second": 120.0877224,
      "fused_tpot_p50_ms": 8.01694,
      "output_tokens_per_second_delta_percent": 8.944360275238179,
      "reference_e2e_p50_ms": 290.084482,
      "reference_output_tokens_per_second": 110.2284892,
      "reference_tpot_p50_ms": 8.658295,
      "tpot_p50_delta_percent": -7.4074052685892555,
      "variant": "fixed_64"
    },
    {
      "case": "decode_long_prompt_c1",
      "concurrency": 1,
      "e2e_p50_delta_percent": -33.58606757613298,
      "fused_e2e_p50_ms": 330.12143,
      "fused_output_tokens_per_second": 96.92556377,
      "fused_tpot_p50_ms": 8.222854,
      "output_tokens_per_second_delta_percent": 50.46389537451862,
      "reference_e2e_p50_ms": 497.066531,
      "reference_output_tokens_per_second": 64.41782165,
      "reference_tpot_p50_ms": 11.461742,
      "tpot_p50_delta_percent": -28.258252541367625,
      "variant": "fixed_64"
    },
    {
      "case": "decode_short_c2",
      "concurrency": 2,
      "e2e_p50_delta_percent": -19.04178928444268,
      "fused_e2e_p50_ms": 296.042802,
      "fused_output_tokens_per_second": 216.1911992,
      "fused_tpot_p50_ms": 8.904154,
      "output_tokens_per_second_delta_percent": 23.675157999129215,
      "reference_e2e_p50_ms": 365.673598,
      "reference_output_tokens_per_second": 174.8056786,
      "reference_tpot_p50_ms": 10.791054,
      "tpot_p50_delta_percent": -17.48578035102039,
      "variant": "fixed_64"
    },
    {
      "case": "decode_long_prompt_c2",
      "concurrency": 2,
      "e2e_p50_delta_percent": -44.76285037039516,
      "fused_e2e_p50_ms": 379.006515,
      "fused_output_tokens_per_second": 168.9864859,
      "fused_tpot_p50_ms": 9.364086,
      "output_tokens_per_second_delta_percent": 81.20971697556826,
      "reference_e2e_p50_ms": 686.14423,
      "reference_output_tokens_per_second": 93.25464921,
      "reference_tpot_p50_ms": 14.299474,
      "tpot_p50_delta_percent": -34.51447235052142,
      "variant": "fixed_64"
    },
    {
      "case": "decode_short_c4",
      "concurrency": 4,
      "e2e_p50_delta_percent": -25.06063577078127,
      "fused_e2e_p50_ms": 314.27447,
      "fused_output_tokens_per_second": 407.122765,
      "fused_tpot_p50_ms": 8.84722,
      "output_tokens_per_second_delta_percent": 33.31827609819001,
      "reference_e2e_p50_ms": 419.371679,
      "reference_output_tokens_per_second": 305.3765597,
      "reference_tpot_p50_ms": 11.503031,
      "tpot_p50_delta_percent": -23.087923522069968,
      "variant": "fixed_64"
    },
    {
      "case": "decode_long_prompt_c4",
      "concurrency": 4,
      "e2e_p50_delta_percent": -52.85168866107518,
      "fused_e2e_p50_ms": 475.552007,
      "fused_output_tokens_per_second": 270.6886472,
      "fused_tpot_p50_ms": 9.546515,
      "output_tokens_per_second_delta_percent": 112.42374931013926,
      "reference_e2e_p50_ms": 1008.629988,
      "reference_output_tokens_per_second": 127.4286176,
      "reference_tpot_p50_ms": 16.697656,
      "tpot_p50_delta_percent": -42.82721478990823,
      "variant": "fixed_64"
    },
    {
      "case": "mixed_c4",
      "concurrency": 4,
      "e2e_p50_delta_percent": -43.90761231099152,
      "fused_e2e_p50_ms": 412.464984,
      "fused_output_tokens_per_second": 272.336891,
      "fused_tpot_p50_ms": 9.909654,
      "output_tokens_per_second_delta_percent": 75.66428437424028,
      "reference_e2e_p50_ms": 735.331479,
      "reference_output_tokens_per_second": 155.0325907,
      "reference_tpot_p50_ms": 16.047866,
      "tpot_p50_delta_percent": -38.24939714725933,
      "variant": "fixed_64"
    },
    {
      "case": "decode_short_c1",
      "concurrency": 1,
      "e2e_p50_delta_percent": -12.537552178814993,
      "fused_e2e_p50_ms": 261.653886,
      "fused_output_tokens_per_second": 122.329976,
      "fused_tpot_p50_ms": 7.851772,
      "output_tokens_per_second_delta_percent": 14.4053911848606,
      "reference_e2e_p50_ms": 299.161403,
      "reference_output_tokens_per_second": 106.9267582,
      "reference_tpot_p50_ms": 8.937964,
      "tpot_p50_delta_percent": -12.15256628914594,
      "variant": "hetero_8_64"
    },
    {
      "case": "decode_long_prompt_c1",
      "concurrency": 1,
      "e2e_p50_delta_percent": -34.33812475001875,
      "fused_e2e_p50_ms": 331.371091,
      "fused_output_tokens_per_second": 96.60979539,
      "fused_tpot_p50_ms": 8.234163,
      "output_tokens_per_second_delta_percent": 52.37424525249684,
      "reference_e2e_p50_ms": 504.66285,
      "reference_output_tokens_per_second": 63.40296894,
      "reference_tpot_p50_ms": 11.502031,
      "tpot_p50_delta_percent": -28.41122580872891,
      "variant": "hetero_8_64"
    },
    {
      "case": "decode_short_c2",
      "concurrency": 2,
      "e2e_p50_delta_percent": -13.859458989306747,
      "fused_e2e_p50_ms": 297.387923,
      "fused_output_tokens_per_second": 215.2457612,
      "fused_tpot_p50_ms": 8.939005,
      "output_tokens_per_second_delta_percent": 16.088876634983503,
      "reference_e2e_p50_ms": 345.235727,
      "reference_output_tokens_per_second": 185.4146301,
      "reference_tpot_p50_ms": 10.179701,
      "tpot_p50_delta_percent": -12.187941472937172,
      "variant": "hetero_8_64"
    },
    {
      "case": "decode_long_prompt_c2",
      "concurrency": 2,
      "e2e_p50_delta_percent": -41.20628690893608,
      "fused_e2e_p50_ms": 380.691206,
      "fused_output_tokens_per_second": 168.0817461,
      "fused_tpot_p50_ms": 9.347968,
      "output_tokens_per_second_delta_percent": 70.2117588934473,
      "reference_e2e_p50_ms": 647.503255,
      "reference_output_tokens_per_second": 98.74861008,
      "reference_tpot_p50_ms": 13.240013,
      "tpot_p50_delta_percent": -29.396081408681397,
      "variant": "hetero_8_64"
    },
    {
      "case": "decode_short_c4",
      "concurrency": 4,
      "e2e_p50_delta_percent": -18.957672073455797,
      "fused_e2e_p50_ms": 323.75237,
      "fused_output_tokens_per_second": 396.4139696,
      "fused_tpot_p50_ms": 9.113826,
      "output_tokens_per_second_delta_percent": 23.720360170434184,
      "reference_e2e_p50_ms": 399.485526,
      "reference_output_tokens_per_second": 320.4112638,
      "reference_tpot_p50_ms": 10.994798,
      "tpot_p50_delta_percent": -17.107835905671028,
      "variant": "hetero_8_64"
    },
    {
      "case": "decode_long_prompt_c4",
      "concurrency": 4,
      "e2e_p50_delta_percent": -53.13044750828687,
      "fused_e2e_p50_ms": 481.482824,
      "fused_output_tokens_per_second": 265.9678484,
      "fused_tpot_p50_ms": 9.53348,
      "output_tokens_per_second_delta_percent": 113.6085987038401,
      "reference_e2e_p50_ms": 1027.282742,
      "reference_output_tokens_per_second": 124.5117706,
      "reference_tpot_p50_ms": 16.473385,
      "tpot_p50_delta_percent": -42.12798401785668,
      "variant": "hetero_8_64"
    },
    {
      "case": "mixed_c4",
      "concurrency": 4,
      "e2e_p50_delta_percent": -44.676456803983555,
      "fused_e2e_p50_ms": 412.985418,
      "fused_output_tokens_per_second": 272.2360097,
      "fused_tpot_p50_ms": 9.83668,
      "output_tokens_per_second_delta_percent": 77.28395222505942,
      "reference_e2e_p50_ms": 746.491266,
      "reference_output_tokens_per_second": 153.5593077,
      "reference_tpot_p50_ms": 16.051715,
      "tpot_p50_delta_percent": -38.71882225668721,
      "variant": "hetero_8_64"
    }
  ],
  "schema_version": 1,
  "successful": true,
  "validation": {
    "case_sets_equal": true,
    "config_equal": true,
    "cross_implementation_outcomes_equal": true,
    "cross_implementation_tokens_equal": true,
    "measurement_runs": 270,
    "outcome_cases": 10,
    "source_commit": "0dc98d1149b187902fb9b8656c4850c8ff84e112",
    "token_cases": 35,
    "transformers_reference_passed": true,
    "transformers_reference_prompts": 8
  }
}
